2026-07-14T09:58:02Z checkout INFO  deploy 4f21c8 started, 6 instances
2026-07-14T09:59:41Z checkout INFO  deploy 4f21c8 complete
2026-07-14T10:02:13Z checkout INFO  cart.submit ok in 210ms
2026-07-14T10:04:55Z checkout WARN  pricing.lookup slow: 1840ms
2026-07-14T10:05:02Z checkout WARN  pricing.lookup slow: 2210ms
2026-07-14T10:05:19Z checkout WARN  db pool: 18/20 in use
2026-07-14T10:06:44Z checkout ERROR pricing.lookup timeout after 3000ms
2026-07-14T10:06:45Z checkout ERROR cart.submit failed: upstream timeout
2026-07-14T10:07:01Z checkout WARN  db pool: 20/20 in use, 7 waiting
2026-07-14T10:07:30Z checkout ERROR cart.submit failed: pool acquire timeout
2026-07-14T10:08:00Z checkout INFO  autoscaler: 6 -> 10 instances
2026-07-14T10:09:12Z checkout WARN  db pool: 20/20 in use, 31 waiting
2026-07-14T10:09:48Z checkout ERROR cart.submit failed: pool acquire timeout
2026-07-14T10:11:20Z checkout INFO  oncall ack, investigating
2026-07-14T10:14:03Z checkout INFO  pricing cache warm job finished (started 10:03:50)
2026-07-14T10:14:31Z checkout INFO  pricing.lookup ok in 190ms
2026-07-14T10:15:10Z checkout WARN  db pool: 9/20 in use
2026-07-14T10:16:02Z checkout INFO  cart.submit ok in 230ms
2026-07-14T10:22:40Z checkout INFO  autoscaler: 10 -> 6 instances
2026-07-14T10:25:00Z checkout INFO  all-clear declared
